
[1m[46m RUN [49m[22m [36mv3.2.4 [39m[90mC:/Users/Gupta/Downloads/CodeDesk/client[39m

 [32mΓ£ô[39m src/__tests__/DashboardCard.test.jsx[2m > [22mrenders dashboard card with title[32m 52[2mms[22m[39m
 [32mΓ£ô[39m src/components/BrandName.test.jsx[2m > [22mBrandName component[2m > [22mrenders the project brand name[32m 36[2mms[22m[39m
[90mstdout[2m | src/__tests__/Portfolio.test.jsx
[22m[39mSupabase URL: https://test.supabase.co
Supabase Key (first 10 chars): test-anon-

[90mstdout[2m | src/__tests__/AuthCallback.test.jsx
[22m[39mSupabase URL: https://test.supabase.co
Supabase Key (first 10 chars): test-anon-

[90mstdout[2m | src/__tests__/Signup.test.jsx
[22m[39mSupabase URL: https://test.supabase.co
Supabase Key (first 10 chars): test-anon-

[90mstdout[2m | src/__tests__/Login.test.jsx
[22m[39mSupabase URL: https://test.supabase.co
Supabase Key (first 10 chars): test-anon-

[90mstdout[2m | src/__tests__/Home.test.jsx
[22m[39mSupabase URL: https://test.supabase.co
Supabase Key (first 10 chars): test-anon-

[90mstdout[2m | src/__tests__/EditProfile.test.jsx
[22m[39mSupabase URL: https://test.supabase.co
Supabase Key (first 10 chars): test-anon-

 [32mΓ£ô[39m src/__tests__/AuthCallback.test.jsx[2m > [22mAuthCallback Page[2m > [22mrenders Auth Callback[32m 47[2mms[22m[39m
[90mstdout[2m | src/__tests__/App.test.jsx
[22m[39mSupabase URL: https://test.supabase.co
Supabase Key (first 10 chars): test-anon-

 [32mΓ£ô[39m src/__tests__/Landing.test.jsx[2m > [22mLanding Page[2m > [22mrenders the brand name[32m 153[2mms[22m[39m
 [32mΓ£ô[39m src/__tests__/Landing.test.jsx[2m > [22mLanding Page[2m > [22mrenders Try Question Tracker button[32m 76[2mms[22m[39m
 [32mΓ£ô[39m src/__tests__/Login.test.jsx[2m > [22mLogin Page[2m > [22mrenders the login form[32m 210[2mms[22m[39m
 [32mΓ£ô[39m src/__tests__/Signup.test.jsx[2m > [22mSignup Page[2m > [22mrenders the signup form[32m 214[2mms[22m[39m
 [32mΓ£ô[39m src/__tests__/Signup.test.jsx[2m > [22mSignup Page[2m > [22mshows error on empty submit[32m 46[2mms[22m[39m
 [32mΓ£ô[39m src/__tests__/EditProfile.test.jsx[2m > [22mEditProfile Page[2m > [22mrenders Edit Profile heading[32m 213[2mms[22m[39m
 [32mΓ£ô[39m src/__tests__/Home.test.jsx[2m > [22mHome Page[2m > [22mrenders Home heading[32m 237[2mms[22m[39m
[90mstdout[2m | src/__tests__/Portfolio.test.jsx[2m > [22m[2mPortfolio Page
[22m[39mNo session found

 [32mΓ£ô[39m src/__tests__/Portfolio.test.jsx[2m > [22mPortfolio Page[2m > [22mrenders Portfolio heading[32m 60[2mms[22m[39m
 [32mΓ£ô[39m src/__tests__/App.test.jsx[2m > [22mrenders CodeDesk brand name[32m 127[2mms[22m[39m

[2m Test Files [22m [1m[32m10 passed[39m[22m[90m (10)[39m
[2m      Tests [22m [1m[32m12 passed[39m[22m[90m (12)[39m
[2m   Start at [22m 10:52:35
[2m   Duration [22m 3.37s[2m (transform 1.52s, setup 2.12s, collect 7.30s, tests 1.50s, environment 10.41s, prepare 4.91s)[22m

